Error Log - 2025-06-16 03:07:57